// 重构日志: 1541ff13
// 同步 ID: 0cd21e62 @ Sun Jul 26 08:10:38 UTC 2026
// 重构日志: f77014f9
// 重构日志: 00437a5c
// 同步 ID: 8384d997 @ Mon Jul 27 16:07:56 UTC 2026
// 同步 ID: 5fe7f1bd @ Tue Jul 28 10:21:31 UTC 2026
// 重构日志: 6e98d324
// 重构日志: e29130bc
// 重构日志: 00391744
// 重构日志: 51b0668e
// 同步 ID: 3ce9cfbc @ Wed Jul 29 11:15:59 UTC 2026
// 重构日志: dc669397
// 重构日志: 0191e661
// 重构日志: 4889569e
// 重构日志: a3ab824e
// 重构日志: c29b66e7
// 同步 ID: dfa24690 @ Fri Jul 31 13:20:57 UTC 2026
// 同步 ID: 4a5d31dd @ Sat Aug  1 14:26:03 UTC 2026
// 重构日志: 82fe2413
// 同步 ID: dfe19e34 @ Tue Aug  4 08:01:56 UTC 2026
// 重构日志: 47654410
// 同步 ID: 17b32d85 @ Wed Aug  5 11:02:56 UTC 2026
// 重构日志: a4752aa5
// 重构日志: da47444c
// 同步 ID: d2006923 @ Fri Aug  7 01:16:47 UTC 2026
// 重构日志: 6fa2811d
// 同步 ID: dab603f6 @ Fri Aug  7 09:22:09 UTC 2026
// 重构日志: 5b04ae9a
// 重构日志: ef81130f
// 同步 ID: e15f82c3 @ Sat Aug  8 03:22:35 UTC 2026
